stm32f1xx_it.c:76:6:NMI_Handler	4	static
stm32f1xx_it.c:91:6:HardFault_Handler	4	static
stm32f1xx_it.c:106:6:MemManage_Handler	4	static
stm32f1xx_it.c:121:6:BusFault_Handler	4	static
stm32f1xx_it.c:136:6:UsageFault_Handler	4	static
stm32f1xx_it.c:151:6:SVC_Handler	4	static
stm32f1xx_it.c:164:6:DebugMon_Handler	4	static
stm32f1xx_it.c:177:6:PendSV_Handler	4	static
stm32f1xx_it.c:190:6:SysTick_Handler	8	static
stm32f1xx_it.c:211:6:DMA1_Channel5_IRQHandler	8	static
stm32f1xx_it.c:225:6:DMA1_Channel6_IRQHandler	8	static
stm32f1xx_it.c:239:6:DMA1_Channel7_IRQHandler	8	static
stm32f1xx_it.c:253:6:TIM1_UP_IRQHandler	16	static,ignoring_inline_asm
stm32f1xx_it.c:284:6:TIM2_IRQHandler	16	static,ignoring_inline_asm
stm32f1xx_it.c:317:6:TIM3_IRQHandler	8	static
stm32f1xx_it.c:330:6:USART1_IRQHandler	8	static
